// Jest Snapshot v1, https://goo.gl/fbAQLP

exports[`rendering renders as expected 1`] = `
<TouchableOpacity
  activeOpacity={0.6}
  onPress={[Function]}
  style={
    Object {
      "height": 25,
      "width": 25,
    }
  }
>
  <Icon
    allowFontScaling={false}
    color="#fff"
    name="bell"
    size={24}
  />
</TouchableOpacity>
`;
