// Jest Snapshot v1, https://goo.gl/fbAQLP

exports[`rendering renders as expected 1`] = `
<Component
  style={
    Array [
      Object {
        "flexDirection": "row",
      },
      Object {
        "alignItems": "center",
      },
      Object {
        "marginVertical": 8,
      },
    ]
  }
>
  <Component
    style={
      Array [
        Object {
          "borderRadius": 6,
          "height": 6,
          "width": 6,
        },
        Object {
          "marginRight": 8,
        },
        Object {
          "backgroundColor": "#146DCA",
        },
      ]
    }
  />
  <BodyText
    align=""
    color=""
    text="description"
    weight="light"
  />
</Component>
`;
