// Jest Snapshot v1, https://goo.gl/fbAQLP

exports[`rendering renders as expected 1`] = `
<Component>
  <Component
    style={
      Array [
        Object {
          "flexDirection": "row",
        },
        Object {
          "paddingVertical": 8,
        },
        Object {
          "alignItems": "center",
        },
        Object {
          "marginHorizontal": 16,
        },
      ]
    }
  >
    <Component
      style={
        Array [
          Object {
            "flex": 0.7,
          },
          Object {
            "marginRight": 8,
          },
        ]
      }
    >
      <BodyText
        align=""
        color="dark"
        text="text test"
        weight="regular"
      />
    </Component>
    <Component
      style={
        Array [
          Object {
            "flex": 0.3,
          },
          Object {
            "justifyContent": "flex-end",
          },
          Object {
            "flexDirection": "row",
          },
        ]
      }
    >
      <TextInput
        allowFontScaling={true}
        keyboardType="numeric"
        maxLenght={3}
        onChangeText={[Function]}
        style={
          Object {
            "color": "#EB3F3F",
            "fontSize": 32,
            "fontWeight": "700",
          }
        }
        underlineColorAndroid="transparent"
        value=""
      />
    </Component>
  </Component>
</Component>
`;
